Machine-level Assembler Version 7.1    Thu Oct 29 17:59:00 2020

  LOC    OBJ   SOURCE
hex*dec

                        !os                                     osprog.mas
                        ;
                        ; Tests student-written microcode for the
                        ; optimal instruction set in os.hor
                        ;
                        ; Will output:
                        ;
                        ;    "ERROR detected in optimal instruction set at loc 
                        ;                  or
                        ;    "No errors detected in optimal instruction set"
                        ;
0  *0    8000  test:    ldc  0
1  *1    F700           swap
               
2  *2    FA00           esba
3  *3    8003           ldc  3
4  *4    F300           push
5  *5    8002           ldc  2
6  *6    F300           push
7  *7    8001           ldc  1
8  *8    F300           push
9  *9    4FFF           ldr  -1
A  *10   6FFE           addr -2
B  *11   6FFD           addr -3
C  *12   32FC           sub  @6
D  *13   C00F           jz   * + 2
E  *14   E288           call error
               
F  *15   8006           ldc  6
10 *16   7FFD           subr -3
11 *17   7FFE           subr -2
12 *18   7FFF           subr -1
13 *19   C015           jz   * + 2
14 *20   E288           call error
               
15 *21   02F8           ld  @1
16 *22   22F9           add  @2
17 *23   22F9           add  @2
18 *24   32FA           sub  @3
19 *25   32F9           sub  @2
1A *26   1308           st   t
1B *27   0308           ld  t
1C *28   C01E           jz   * + 2
1D *29   E288           call error
               
1E *30   02F9           ld  @2
1F *31   2304           add  @_2
20 *32   C022           jz   * + 2
21 *33   E288           call error
               
22 *34   8003           ldc  3
23 *35   32FA           sub  @3
24 *36   C026           jz   * + 2
25 *37   E288           call error
               
26 *38   8000           ldc  0
27 *39   F700           swap
28 *40   F300           push
29 *41   8002           ldc  2
2A *42   F300           push
2B *43   8000           ldc  0
2C *44   0FFE           ld  ffeh
2D *45   32F9           sub  @2
2E *46   C030           jz   * + 2
2F *47   E288           call error
               
30 *48   F700           swap
31 *49   22F9           add  @2
32 *50   C034           jz   * + 2
33 *51   E288           call error
               
34 *52   8003           ldc  3
35 *53   5000           str  0
36 *54   8001           ldc  1
37 *55   4000           ldr  0
38 *56   32FA           sub  @3
39 *57   C03B           jz   * + 2
3A *58   E288           call error
               
3B *59   8000           ldc  0
3C *60   A03E           jzop * + 2
3D *61   E288           call error
3E *62   8005           ldc  5
3F *63   A041           jzop * + 2
40 *64   E288           call error
41 *65   0305           ld  @_3
42 *66   A044           jzop * + 2
43 *67   9045           ja   * + 2
44 *68   E288           call error
               
45 *69   8000           ldc  0
46 *70   B048           jn   * + 2
47 *71   9049           ja   * + 2
48 *72   E288           call error
49 *73   8005           ldc  5
4A *74   B04C           jn   * + 2
4B *75   904D           ja   * + 2
4C *76   E288           call error
4D *77   0305           ld  @_3
4E *78   B050           jn   * + 2
4F *79   E288           call error
               
50 *80   8000           ldc  0
51 *81   C053           jz   * + 2
52 *82   E288           call error
53 *83   8005           ldc  5
54 *84   C056           jz   * + 2
55 *85   9057           ja   * + 2
56 *86   E288           call error
57 *87   0305           ld  @_3
58 *88   C05A           jz   * + 2
59 *89   905B           ja   * + 2
5A *90   E288           call error
               
5B *91   8000           ldc  0
5C *92   D05E           jnz  * + 2
5D *93   905F           ja   * + 2
5E *94   E288           call error
5F *95   8005           ldc  5
60 *96   D062           jnz  * + 2
61 *97   E288           call error
62 *98   0305           ld  @_3
63 *99   D065           jnz  * + 2
64 *100  E288           call error
               
65 *101  8000           ldc  0
66 *102  E06B           call sub
67 *103  32FA           sub  @3
68 *104  C06A           jz   * + 2
69 *105  E288           call error
6A *106  906D           ja   * + 3
6B *107  02FA  sub:     ld  @3
6C *108  F000           ret
               
6D *109  8003           ldc  3
6E *110  1308           st   t
6F *111  8308           ldc  t
70 *112  F100           ldi
71 *113  32FA           sub  @3
72 *114  C074           jz   * + 2
73 *115  E288           call error
               
74 *116  8002           ldc  2
75 *117  F300           push
76 *118  8308           ldc  t
77 *119  F200           sti
78 *120  0308           ld  t
79 *121  32F9           sub  @2
7A *122  C07C           jz   * + 2
7B *123  E288           call error
               
7C *124  8004           ldc  4
7D *125  F700           swap
7E *126  F300           push
7F *127  F700           swap
80 *128  32FA           sub  @3
81 *129  C083           jz   * + 2
82 *130  E288           call error
               
83 *131  8001           ldc  1
84 *132  F700           swap
85 *133  F621           dloc 33
86 *134  F520           aloc 32
87 *135  F700           swap  
88 *136  32F9           sub  @2
89 *137  C08B           jz   * + 2
8A *138  E288           call error
               
8B *139  8003           ldc  3
8C *140  FF00           shll 0
8D *141  32FA           sub  @3
8E *142  C090           jz   * + 2
8F *143  E288           call error
               
90 *144  8001           ldc  1
91 *145  FF01           shll 1
92 *146  32F9           sub  @2
93 *147  C095           jz   * + 2
94 *148  E288           call error
               
95 *149  8001           ldc  1
96 *150  FF05           shll 5
97 *151  FF13           shrl 3
98 *152  32FB           sub  @4
99 *153  C09B           jz   * + 2
9A *154  E288           call error
               
9B *155  0303           ld  @_1
9C *156  FF1F           shrl 15
9D *157  32F8           sub  @1
9E *158  C0A0           jz   * + 2
9F *159  E288           call error
               
A0 *160  80FF           ldc  255
A1 *161  FF0F           shll 15
A2 *162  FF1F           shrl 15
A3 *163  32F8           sub  @1
A4 *164  C0A6           jz   * + 2
A5 *165  E288           call error
               
A6 *166  8002           ldc  2
A7 *167  F300           push
A8 *168  8003           ldc  3
A9 *169  FF40           mult  
AA *170  32FC           sub  @6
AB *171  C0AD           jz   * + 2
AC *172  E288           call error
               
AD *173  8002           ldc  2
AE *174  F300           push
AF *175  0305           ld  @_3
B0 *176  FF40           mult
B1 *177  3307           sub  @_6
B2 *178  C0B4           jz   * + 2
B3 *179  E288           call error
               
B4 *180  8002           ldc  2
B5 *181  F300           push
B6 *182  0305           ld  @_3
B7 *183  FF40           mult
B8 *184  3307           sub  @_6
B9 *185  C0BB           jz   * + 2
BA *186  E288           call error
               
BB *187  0304           ld  @_2
BC *188  F300           push
BD *189  0305           ld  @_3
BE *190  FF40           mult
BF *191  32FC           sub  @6
C0 *192  C0C2           jz   * + 2
C1 *193  E288           call error
               
C2 *194  8002           ldc  2
C3 *195  F300           push
C4 *196  8003           ldc  3
C5 *197  FF30           m  
C6 *198  32FC           sub  @6
C7 *199  C0C9           jz   * + 2
C8 *200  E288           call error
               
C9 *201  8002           ldc  2
CA *202  F300           push
CB *203  0305           ld  @_3
CC *204  FF30           m
CD *205  3307           sub  @_6
CE *206  C0D0           jz   * + 2
CF *207  E288           call error
               
D0 *208  8002           ldc  2
D1 *209  F300           push
D2 *210  0305           ld  @_3
D3 *211  FF30           m
D4 *212  3307           sub  @_6
D5 *213  C0D7           jz   * + 2
D6 *214  E288           call error
               
D7 *215  0304           ld  @_2
D8 *216  F300           push
D9 *217  0305           ld  @_3
DA *218  FF30           m
DB *219  32FC           sub  @6
DC *220  C0DE           jz   * + 2
DD *221  E288           call error
               
DE *222  8006           ldc  6
DF *223  F300           push
E0 *224  8004           ldc  4
E1 *225  FF60           rem
E2 *226  32F9           sub  @2
E3 *227  C0E5           jz   * + 2
E4 *228  E288           call error
               
E5 *229  8006           ldc  6
E6 *230  F300           push
E7 *231  0306           ld  @_4
E8 *232  FF60           rem
E9 *233  32F9           sub  @2
EA *234  C0EC           jz   * + 2
EB *235  E288           call error
               
EC *236  0307           ld  @_6
ED *237  F300           push
EE *238  8004           ldc  4
EF *239  FF60           rem
F0 *240  3304           sub  @_2
F1 *241  C0F3           jz   * + 2
F2 *242  E288           call error
               
F3 *243  0307           ld  @_6
F4 *244  F300           push
F5 *245  0306           ld  @_4
F6 *246  FF60           rem
F7 *247  3304           sub  @_2
F8 *248  C0FA           jz   * + 2
F9 *249  E288           call error
               
               
               
FA *250  8006           ldc  6
FB *251  F300           push
FC *252  8002           ldc  2
FD *253  FF50           div  
FE *254  32FA           sub  @3
FF *255  C101           jz   * + 2
100*256  E288           call error
               
101*257  0307           ld  @_6
102*258  F300           push
103*259  0304           ld  @_2
104*260  FF50           div
105*261  32FA           sub  @3
106*262  C108           jz   * + 2
107*263  E288           call error
               
108*264  0307           ld  @_6
109*265  F300           push
10A*266  8002           ldc  2
10B*267  FF50           div
10C*268  3305           sub  @_3
10D*269  C10F           jz   * + 2
10E*270  E288           call error
               
10F*271  8006           ldc  6
110*272  F300           push
111*273  0304           ld  @_2
112*274  FF50           div
113*275  3305           sub  @_3
114*276  C116           jz   * + 2
115*277  E288           call error
               
116*278  800A           ldc  10
117*279  FFD0           sect  
118*280  32F8  loop:    sub  @1
119*281  FFE0           dect  
11A*282  9118           ja   loop
11B*283  C11D           jz   * + 2
11C*284  E288           call error
               
11D*285  8000           ldc  0
11E*286  FFF0           sodd  
11F*287  9121           ja   * + 2
120*288  E288           call error
               
121*289  8002           ldc  2
122*290  FFF0           sodd  
123*291  9125           ja   * + 2
124*292  E288           call error
               
125*293  0304           ld  @_2
126*294  FFF0           sodd  
127*295  9129           ja   * + 2
128*296  E288           call error
                        
129*297  8001           ldc  1
12A*298  FFF0           sodd
12B*299  E288           call error
               
12C*300  0303           ld  @_1
12D*301  FFF0           sodd
12E*302  E288           call error
               
12F*303  0303           ld  @_1
130*304  22F8           add  @1        ; set cy to 1
131*305  8000           ldc  0
132*306  F300           push
133*307  FF70           addy
134*308  32F8           sub  @1
135*309  C137           jz   * + 2
136*310  E288           call error
               
137*311  8001           ldc  1
138*312  22F8           add  @1        ; set cy to 0
139*313  8000           ldc  0
13A*314  F300           push
13B*315  FF70           addy
13C*316  C13E           jz   * + 2
13D*317  E288           call error
               
13E*318  8001           ldc  1
13F*319  5000           str  0
140*320  0303           ld  @_1
141*321  6000           addr 0         ; set cy to 1
142*322  8000           ldc  0
143*323  F300           push
144*324  FF70           addy
145*325  32F8           sub  @1
146*326  C148           jz   * + 2
147*327  E288           call error
               
148*328  8001           ldc  1
149*329  5000           str  0
14A*330  8001           ldc  1
14B*331  6000           addr 0         ; set cy to 0
14C*332  8000           ldc  0
14D*333  F300           push
14E*334  FF70           addy
14F*335  C151           jz   * + 2
150*336  E288           call error
               
151*337  02FE           ld  @10
152*338  F300           push
153*339  02FF           ld  @12
154*340  FF80           or
155*341  3300           sub  @14
156*342  C158           jz   * + 2
157*343  E288           call error
               
158*344  02FE           ld  @10
159*345  F300           push
15A*346  02FF           ld  @12
15B*347  FF90           xor
15C*348  32FC           sub  @6
15D*349  C15F           jz   * + 2
15E*350  E288           call error
               
15F*351  02FE           ld  @10
160*352  F300           push
161*353  02FF           ld  @12
162*354  FFA0           and
163*355  32FD           sub  @8
164*356  C166           jz   * + 2
165*357  E288           call error
               
166*358  02FC           ld  @6
167*359  FFB0           flip
168*360  22F8           add  @1
169*361  22FC           add  @6
16A*362  C16C           jz   * + 2
16B*363  E288           call error
               
16C*364  8000           ldc  0
16D*365  F806           addc 6
16E*366  32FC           sub  @6
16F*367  C171           jz   * + 2
170*368  E288           call error
               
171*369  0303           ld   @_1
172*370  F801           addc 1
173*371  8000           ldc  0
174*372  F300           push
175*373  FF70           addy
176*374  32F8           sub @1
177*375  C179           jz  * + 2
178*376  E288           call error
               
179*377  0303           ld   @_1
17A*378  F801           addc 1
17B*379  8000           ldc  0
17C*380  F801           addc 1
17D*381  8000           ldc  0
17E*382  F300           push
17F*383  FF70           addy
180*384  C182           jz   * + 2
181*385  E288           call error
               
182*386  8000           ldc  0
183*387  F906           subc 6
184*388  22FC           add  @6
185*389  C187           jz   * + 2
186*390  E288           call error
               
187*391  0306           ld  @_4
188*392  FF21           shra 1
189*393  3304           sub  @_2
18A*394  C18C           jz   * + 2
18B*395  E288           call error
               
18C*396  02FB           ld  @4
18D*397  FF21           shra 1
18E*398  32F9           sub  @2
18F*399  C191           jz   * + 2
190*400  E288           call error
               
191*401  8002           ldc  2
192*402  F300           push
193*403  8005           ldc  5
194*404  FD00           scmp
195*405  F801           addc 1
196*406  C198           jz   * + 2
197*407  E288           call error
               
198*408  8005           ldc  5
199*409  F300           push
19A*410  8002           ldc  2
19B*411  FD00           scmp
19C*412  F901           subc 1
19D*413  C19F           jz   * + 2
19E*414  E288           call error
               
19F*415  8005           ldc  5
1A0*416  F300           push
1A1*417  8005           ldc  5
1A2*418  FD00           scmp
1A3*419  C1A5           jz   * + 2
1A4*420  E288           call error
               
1A5*421  0304           ld  @_2
1A6*422  F300           push
1A7*423  0305           ld  @_3
1A8*424  FD00           scmp
1A9*425  F901           subc 1
1AA*426  C1AC           jz   * + 2
1AB*427  E288           call error
               
1AC*428  0305           ld  @_3
1AD*429  F300           push
1AE*430  0304           ld  @_2
1AF*431  FD00           scmp
1B0*432  F801           addc  1
1B1*433  C1B3           jz   * + 2
1B2*434  E288           call error
               
1B3*435  0305           ld  @_3
1B4*436  F300           push
1B5*437  0305           ld  @_3
1B6*438  FD00           scmp
1B7*439  C1B9           jz   * + 2
1B8*440  E288           call error
               
1B9*441  8000           ldc  0
1BA*442  F300           push
1BB*443  8003           ldc  3
1BC*444  FD00           scmp
1BD*445  F801           addc 1
1BE*446  C1C0           jz   * + 2
1BF*447  E288           call error
               
1C0*448  8003           ldc  3
1C1*449  F300           push
1C2*450  8000           ldc  0
1C3*451  FD00           scmp
1C4*452  F901           subc 1
1C5*453  C1C7           jz   * + 2
1C6*454  E288           call error
               
1C7*455  8003           ldc  3
1C8*456  F300           push
1C9*457  0304           ld  @_2
1CA*458  FD00           scmp
1CB*459  F901           subc 1
1CC*460  C1CE           jz   * + 2
1CD*461  E288           call error
               
1CE*462  0304           ld  @_2
1CF*463  F300           push
1D0*464  8003           ldc  3
1D1*465  FD00           scmp
1D2*466  F801           addc 1
1D3*467  C1D5           jz   * + 2
1D4*468  E288           call error
               
1D5*469  8002           ldc  2
1D6*470  F300           push
1D7*471  8005           ldc  5
1D8*472  FE00           ucmp
1D9*473  F801           addc 1
1DA*474  C1DC           jz   * + 2
1DB*475  E288           call error
               
1DC*476  8005           ldc  5
1DD*477  F300           push
1DE*478  8002           ldc  2
1DF*479  FE00           ucmp
1E0*480  F901           subc 1
1E1*481  C1E3           jz   * + 2
1E2*482  E288           call error
               
1E3*483  8005           ldc  5
1E4*484  F300           push
1E5*485  8005           ldc  5
1E6*486  FE00           ucmp
1E7*487  C1E9           jz   * + 2
1E8*488  E288           call error
               
1E9*489  0304           ld  @_2
1EA*490  F300           push
1EB*491  0305           ld  @_3
1EC*492  FE00           ucmp
1ED*493  F901           subc 1
1EE*494  C1F0           jz   * + 2
1EF*495  E288           call error
               
1F0*496  0305           ld  @_3
1F1*497  F300           push
1F2*498  0304           ld  @_2
1F3*499  FE00           ucmp
1F4*500  F801           addc 1
1F5*501  C1F7           jz   * + 2
1F6*502  E288           call error
               
1F7*503  0305           ld  @_3
1F8*504  F300           push
1F9*505  0305           ld  @_3
1FA*506  FE00           ucmp
1FB*507  C1FD           jz  * + 2
1FC*508  E288           call error
               
1FD*509  8000           ldc  0
1FE*510  F300           push
1FF*511  8003           ldc  3
200*512  FE00           ucmp
201*513  F801           addc 1
202*514  C204           jz   * + 2
203*515  E288           call error
               
204*516  8003           ldc  3
205*517  F300           push
206*518  8000           ldc  0
207*519  FE00           ucmp
208*520  F901           subc 1
209*521  C20B           jz   * + 2
20A*522  E288           call error
               
20B*523  8003           ldc  3
20C*524  F300           push
20D*525  0304           ld  @_2
20E*526  FE00           ucmp
20F*527  F801           addc 1
210*528  C212           jz   * + 2
211*529  E288           call error
               
212*530  0304           ld  @_2
213*531  F300           push
214*532  8003           ldc  3
215*533  FE00           ucmp
216*534  F901           subc 1
217*535  C219           jz   * + 2
218*536  E288           call error
               
219*537  821D           ldc  target
21A*538  FFC0           cali  
21B*539  E288  rp:      call error
21C*540  E288           call error
21D*541  0309  target:  ld  jok
21E*542  121B           st   rp
21F*543  F000           ret
               
220*544  8000  ok:      ldc  0
221*545  FC00           cora
222*546  3301           sub  @fff
223*547  C225           jz   * + 2
224*548  E288           call error
               
225*549  8000           ldc  0
226*550  F700           swap
227*551  FA00           esba
228*552  FA00           esba
229*553  8001           ldc  1
22A*554  FC00           cora  
22B*555  3301           sub  @fff
22C*556  C22E           jz   * + 2
22D*557  E288           call error
22E*558  8FFF           ldc  -1
22F*559  FC00           cora
230*560  3302           sub  @ffd
231*561  C233           jz   * + 2
232*562  E288           call error
               
233*563  8000           ldc  0
234*564  F700           swap
235*565  FA00           esba
236*566  FA00           esba
237*567  FFF1           bpbp
238*568  F400           pop
239*569  3301           sub  @fff
23A*570  C23C           jz   * + 2
23B*571  E288           call error
23C*572  F400           pop
               
23D*573  FA00           esba
23E*574  FFF3           pbp
23F*575  F400           pop
240*576  3301           sub  @fff
241*577  C243           jz   * + 2
242*578  E288           call error
243*579  F400           pop
               
244*580  FA00           esba
245*581  FA00           esba
246*582  FFF2           pobp
247*583  FA00           esba
248*584  F400           pop
249*585  3301           sub  @fff
24A*586  C24C           jz   * + 2
24B*587  E288           call error
24C*588  F400           pop
               
24D*589  8FFF           ldc  fffh
24E*590  F300           push
24F*591  8002           ldc  2
250*592  F300           push
251*593  FA00           esba
252*594  F50A           aloc 10
253*595  8002           ldc  2
254*596  FC00           cora
255*597  7002           subr 2
256*598  C258           jz   * + 2
257*599  E288           call error
               
258*600  4001           ldr  1
259*601  3FFE           sub  ffeh
25A*602  C25C           jz   * + 2
25B*603  E288           call error
25C*604  8000           ldc  0
25D*605  5001           str  1
25E*606  0FFE           ld  ffeh
25F*607  C261           jz   * + 2
260*608  E288           call error
               
261*609  F60A           dloc 10
262*610  FA00           esba
263*611  FB00           reba
264*612  4001           ldr  1
265*613  3FFE           sub  ffeh
266*614  C268           jz   * + 2
267*615  E288           call error
               
268*616  8003           ldc  3
269*617  FFD0           sect
26A*618  830E           ldc  s
26B*619  F300           push
26C*620  830A           ldc  d
26D*621  FFF4           bcpy
26E*622  030C           ld  d + 2
26F*623  3310           sub s + 2
270*624  C272           jz  * + 2
271*625  E288           call error
272*626  030D           ld  d + 3
273*627  3311           sub s + 3
274*628  D276           jnz * + 2
275*629  E288           call error
               
276*630  8000           ldc  0
277*631  F700           swap
               
278*632  F300           push
279*633  8000           ldc  0
27A*634  FF50           div
27B*635  3303           sub  @_1
27C*636  C27E           jz   * + 2
27D*637  E288           call error
               
27E*638  8004           ldc 4
27F*639  FFD0           sect
280*640  8000           ldc 0
281*641  FF60           rem
282*642  32FB           sub @4
283*643  C285           jz  * + 2
284*644  E288           call error
               
285*645  8290  noerror: ldc  okmsg
286*646  FFF7           sout
287*647  FFFF           halt
               
288*648  82BF  error:   ldc  badmsg1
289*649  FFF7           sout
28A*650  F400           pop
28B*651  32F8           sub  @1
28C*652  FFF9           hout
28D*653  82F1           ldc  badmsg2
28E*654  FFF7           sout
28F*655  FFFF           halt
               
290*656  004E  okmsg:   dw   "No errors detected in optimal instruction set\n"
291*657  006F
292*658  0020
293*659  0065
294*660  0072
295*661  0072
296*662  006F
297*663  0072
298*664  0073
299*665  0020
29A*666  0064
29B*667  0065
29C*668  0074
29D*669  0065
29E*670  0063
29F*671  0074
2A0*672  0065
2A1*673  0064
2A2*674  0020
2A3*675  0069
2A4*676  006E
2A5*677  0020
2A6*678  006F
2A7*679  0070
2A8*680  0074
2A9*681  0069
2AA*682  006D
2AB*683  0061
2AC*684  006C
2AD*685  0020
2AE*686  0069
2AF*687  006E
2B0*688  0073
2B1*689  0074
2B2*690  0072
2B3*691  0075
2B4*692  0063
2B5*693  0074
2B6*694  0069
2B7*695  006F
2B8*696  006E
2B9*697  0020
2BA*698  0073
2BB*699  0065
2BC*700  0074
2BD*701  000A
2BE*702  0000
2BF*703  0045  badmsg1: dw   "ERROR detected in optimal instruction set at loc 
2C0*704  0052
2C1*705  0052
2C2*706  004F
2C3*707  0052
2C4*708  0020
2C5*709  0064
2C6*710  0065
2C7*711  0074
2C8*712  0065
2C9*713  0063
2CA*714  0074
2CB*715  0065
2CC*716  0064
2CD*717  0020
2CE*718  0069
2CF*719  006E
2D0*720  0020
2D1*721  006F
2D2*722  0070
2D3*723  0074
2D4*724  0069
2D5*725  006D
2D6*726  0061
2D7*727  006C
2D8*728  0020
2D9*729  0069
2DA*730  006E
2DB*731  0073
2DC*732  0074
2DD*733  0072
2DE*734  0075
2DF*735  0063
2E0*736  0074
2E1*737  0069
2E2*738  006F
2E3*739  006E
2E4*740  0020
2E5*741  0073
2E6*742  0065
2E7*743  0074
2E8*744  0020
2E9*745  0061
2EA*746  0074
2EB*747  0020
2EC*748  006C
2ED*749  006F
2EE*750  0063
2EF*751  0020
2F0*752  0000
2F1*753  0020  badmsg2: dw   " hex\n"
2F2*754  0068
2F3*755  0065
2F4*756  0078
2F5*757  000A
2F6*758  0000
2F7*759  0000  @0:      dw   0
2F8*760  0001  @1:      dw   1
2F9*761  0002  @2:      dw   2
2FA*762  0003  @3:      dw   3
2FB*763  0004  @4:      dw   4
2FC*764  0006  @6:      dw   6
2FD*765  0008  @8:      dw   8
2FE*766  000A  @10:     dw   10
2FF*767  000C  @12:     dw   12
300*768  000E  @14:     dw   14
301*769  0FFF  @fff:    dw   fffh
302*770  0FFD  @ffd:    dw   ffdh
303*771  FFFF  @_1:     dw   -1
304*772  FFFE  @_2:     dw   -2
305*773  FFFD  @_3:     dw   -3
306*774  FFFC  @_4:     dw   -4
307*775  FFFA  @_6:     dw   -6
308*776  0005  t:       dw   5
309*777  9220  jok:     ja   ok
30A*778  0044  d:       dw   'DDDD'
30B*779  0044
30C*780  0044
30D*781  0044
30E*782  0053  s:       dw   'SSSS'
30F*783  0053
310*784  0053
311*785  0053
312*786  ========= end of osprog.mas =============================


         Symbol/Cross-Reference Table

Symbol                   Address     References
                          (hex)       (hex)

 test                      0          
 sub                       6B          66 
 loop                      118         11A
 rp                        21B         21E
 target                    21D         219
 ok                        220         309
 noerror                   285        
 error                     288         E   14  1D  21  25 
                                       2F  33  3A  3D  40 
                                       44  48  4C  4F  52 
                                       56  5A  5E  61  64 
                                       69  73  7B  82  8A 
                                       8F  94  9A  9F  A5 
                                       AC  B3  BA  C1  C8 
                                       CF  D6  DD  E4  EB 
                                       F2  F9  100 107 10E
                                       115 11C 120 124 128
                                       12B 12E 136 13D 147
                                       150 157 15E 165 16B
                                       170 178 181 186 18B
                                       190 197 19E 1A4 1AB
                                       1B2 1B8 1BF 1C6 1CD
                                       1D4 1DB 1E2 1E8 1EF
                                       1F6 1FC 203 20A 211
                                       218 21B 21C 224 22D
                                       232 23B 242 24B 257
                                       25B 260 267 271 275
                                       27D 284
 okmsg                     290         285
 badmsg1                   2BF         288
 badmsg2                   2F1         28D
 @0                        2F7        
 @1                        2F8         15  9D  A3  118 130
                                       134 138 145 168 176
                                       28B
 @2                        2F9         16  17  19  1E  2D 
                                       31  79  88  92  E2 
                                       E9  18E
 @3                        2FA         18  23  38  67  6B 
                                       71  80  8D  FE  105
 @4                        2FB         98  18C 282
 @6                        2FC         C   AA  BF  C6  DB 
                                       15C 166 169 16E 184
 @8                        2FD         163
 @10                       2FE         151 158 15F
 @12                       2FF         153 15A 161
 @14                       300         155
 @fff                      301         222 22B 239 240 249
 @ffd                      302         230
 @_1                       303         9B  12C 12F 140 171
                                       179 27B
 @_2                       304         1F  BB  D7  F0  F7 
                                       103 111 125 189 1A5
                                       1AE 1C9 1CE 1E9 1F2
                                       20D 212
 @_3                       305         41  4D  57  62  AF 
                                       B6  BD  CB  D2  D9 
                                       10C 113 1A7 1AC 1B3
                                       1B5 1EB 1F0 1F7 1F9
 @_4                       306         E7  F5  187
 @_6                       307         B1  B8  CD  D4  EC 
                                       F3  101 108
 t                         308         1A  1B  6E  6F  76 
                                       78 
 jok                       309         21D
 d                         30A         26C 26E 272
 s                         30E         26A 26F 273

Input file   = osprog.mas
Output file  = osprog.mac
List file    = osprog.lst 
Config file  = os.cfg 
Number base  = decimal
Label status = case sensitive
